Unloading the cpe module is insufficient to restore the system defaults.
Please run 'source
/opt/cray/pe/cpe/23.12/restore_lmod_system_defaults.[csh|sh]'. 

Lmod is automatically replacing "PrgEnv-cray/8.5.0" with "PrgEnv-gnu/8.5.0".


Lmod is automatically replacing "cce/17.0.0" with "gcc-native/12.3".

N = 50000
real zime pro thread = 3.45679
N = 50000
real zime pro thread = 3.52374
N = 50000
real zime pro thread = 3.5067
N = 50000
real zime pro thread = 3.51505
N = 50000
real zime pro thread = 3.54184
N = 50000
real zime pro thread = 3.54305
N = 50000
real zime pro thread = 3.54444
N = 50000
real zime pro thread = 3.54467
N = 50000
real zime pro thread = 3.54464
N = 50000
real zime pro thread = 3.5464
N = 50000
real zime pro thread = 3.54635
N = 50000
real zime pro thread = 3.54673
N = 50000
real zime pro thread = 3.5362
N = 50000
real zime pro thread = 3.54786
N = 50000
real zime pro thread = 3.5284
N = 50000
N = 50000
real zime pro thread = 3.55132
real zime pro thread = 3.53092
N = 50000
N = 50000
real zime pro thread = 3.53334
N = 50000
real zime pro thread = 3.52777
N = 50000
real zime pro thread = 3.54511
real zime pro thread = 3.52615
N = 50000
real zime pro thread = 3.54649
N = 50000
N = 50000
real zime pro thread = 3.53861
real zime pro thread = 3.53909
N = 50000
real zime pro thread = 3.54902
N = 50000
real zime pro thread = 3.54854
N = 50000
real zime pro thread = 3.53393
N = 50000
real zime pro thread = 3.54039
N = 50000
N = 50000
real zime pro thread = 3.53626
real zime pro thread = 3.5779
N = 50000
real zime pro thread = 3.52167
N = 50000
real zime pro thread = 3.5797
N = 50000
real zime pro thread = 3.58039
N = 50000
real zime pro thread = 3.54227
N = 50000
real zime pro thread = 3.54438
N = 50000
real zime pro thread = 3.521
N = 50000
real zime pro thread = 3.54184
N = 50000
real zime pro thread = 3.58491
N = 50000
real zime pro thread = 3.54052
N = 50000
real zime pro thread = 3.52591
N = 50000
real zime pro thread = 3.58476
N = 50000
real zime pro thread = 3.58488
N = 50000
real zime pro thread = 3.58521
N = 50000
real zime pro thread = 3.58516
N = 50000
real zime pro thread = 3.58642
N = 50000
real zime pro thread = 3.58788
N = 50000
real zime pro thread = 3.55066
N = 50000
real zime pro thread = 3.58991
N = 50000
real zime pro thread = 3.46629
N = 50000
real zime pro thread = 3.52071
N = 50000
real zime pro thread = 3.59083
N = 50000
real zime pro thread = 3.52443
N = 50000
real zime pro thread = 3.53696
N = 50000
N = 50000
real zime pro thread = 3.53345
real zime pro thread = 3.53418
N = 50000
real zime pro thread = 3.55599
N = 50000
real zime pro thread = 3.55375
N = 50000
real zime pro thread = 3.54918
N = 50000
real zime pro thread = 3.54273
N = 50000
real zime pro thread = 3.5562
N = 50000
real zime pro thread = 3.56565
N = 50000
real zime pro thread = 3.55458
N = 50000
real zime pro thread = 3.53164
N = 50000
real zime pro thread = 3.56305
N = 50000
N = 50000
real zime pro thread = 3.55905
N = 50000
real zime pro thread = 3.55998
real zime pro thread = 3.53626
N = 50000
real zime pro thread = 3.55651
N = 50000
real zime pro thread = 3.55678
N = 50000
real zime pro thread = 3.59286
N = 50000
real zime pro thread = 3.55763
N = 50000
real zime pro thread = 3.53709
N = 50000
real zime pro thread = 3.55656
N = 50000
real zime pro thread = 3.52063
N = 50000
real zime pro thread = 3.55058
N = 50000
real zime pro thread = 3.55909
N = 50000
real zime pro thread = 3.55054
N = 50000
real zime pro thread = 3.55639
N = 50000
real zime pro thread = 3.59236
N = 50000
real zime pro thread = 3.529
N = 50000
real zime pro thread = 3.55618
N = 50000
real zime pro thread = 3.5581
N = 50000
real zime pro thread = 3.56873
N = 50000
real zime pro thread = 3.55642
N = 50000
real zime pro thread = 3.55814
N = 50000
N = 50000
real zime pro thread = 3.5227
real zime pro thread = 3.57028
N = 50000
real zime pro thread = 3.5332
N = 50000
real zime pro thread = 3.55777
N = 50000
real zime pro thread = 3.54302
N = 50000
real zime pro thread = 3.55037
N = 50000
real zime pro thread = 3.56058
N = 50000
real zime pro thread = 3.55805
N = 50000
real zime pro thread = 3.53081
N = 50000
real zime pro thread = 3.51947
N = 50000
real zime pro thread = 3.58757
N = 50000
real zime pro thread = 3.51763
N = 50000
real zime pro thread = 3.5495
N = 50000
real zime pro thread = 3.54125
N = 50000
real zime pro thread = 3.55919
N = 50000
real zime pro thread = 3.55674
N = 50000
real zime pro thread = 3.56026
N = 50000
real zime pro thread = 3.52585
N = 50000
real zime pro thread = 3.5374
N = 50000
real zime pro thread = 3.53796
N = 50000
real zime pro thread = 3.5558
N = 50000
real zime pro thread = 3.60245
N = 50000
real zime pro thread = 3.55865
N = 50000
real zime pro thread = 3.52848
N = 50000
real zime pro thread = 3.60243
N = 50000
real zime pro thread = 3.59997
N = 50000
real zime pro thread = 3.55832
N = 50000
real zime pro thread = 3.5586
N = 50000
real zime pro thread = 3.5301
N = 50000
real zime pro thread = 3.55535
N = 50000
real zime pro thread = 3.55947
N = 50000
real zime pro thread = 3.55791
N = 50000
real zime pro thread = 3.57181
N = 50000
real zime pro thread = 3.60235
N = 50000
real zime pro thread = 3.54231
N = 50000
real zime pro thread = 3.59127
N = 50000
real zime pro thread = 3.5352
N = 50000
real zime pro thread = 3.54403
N = 50000
real zime pro thread = 3.56802
N = 50000
real zime pro thread = 3.5466
N = 50000
real zime pro thread = 3.54608
N = 50000
real zime pro thread = 3.54626
N = 50000
real zime pro thread = 3.55509
N = 50000
real zime pro thread = 3.553
N = 50000
real zime pro thread = 3.5732
N = 50000
real zime pro thread = 3.55501
N = 50000
N = 50000
real zime pro thread = 3.57467
N = 50000
real zime pro thread = 3.55532
N = 50000
real zime pro thread = 3.55696
N = 50000
real zime pro thread = 3.55044
N = 50000
real zime pro thread = 3.55268
N = 50000
real zime pro thread = 3.55848
N = 50000
real zime pro thread = 3.55515
N = 50000
real zime pro thread = 3.55268
N = 50000
real zime pro thread = 3.5522
N = 50000
real zime pro thread = 3.55293
N = 50000
real zime pro thread = 3.55811
N = 50000
real zime pro thread = 3.55321
N = 50000
real zime pro thread = 3.58854
N = 50000
real zime pro thread = 3.5559
N = 50000
real zime pro thread = 3.55366
N = 50000
real zime pro thread = 3.55374
N = 50000
real zime pro thread = 3.56122
N = 50000
real zime pro thread = 3.55401
N = 50000
real zime pro thread = 3.59056
N = 50000
real zime pro thread = 3.5546
N = 50000
real zime pro thread = 3.55546
N = 50000
real zime pro thread = 3.5549
N = 50000
real zime pro thread = 3.5552
N = 50000
real zime pro thread = 3.5558
N = 50000
real zime pro thread = 3.55716
N = 50000
real zime pro thread = 3.55572
N = 50000
real zime pro thread = 3.55644
N = 50000
real zime pro thread = 3.55912
N = 50000
real zime pro thread = 3.55844
N = 50000
real zime pro thread = 3.55922
real zime pro thread = 3.5546
N = 50000
real zime pro thread = 3.55846
N = 50000
real zime pro thread = 3.56023
N = 50000
real zime pro thread = 3.56126
N = 50000
real zime pro thread = 3.56056
N = 50000
real zime pro thread = 3.56257
N = 50000
real zime pro thread = 3.56322
N = 50000
real zime pro thread = 3.56352
N = 50000
real zime pro thread = 3.5642
N = 50000
real zime pro thread = 3.56501
N = 50000
N = 50000
real zime pro thread = 3.59826
N = 50000
real zime pro thread = 3.60411
N = 50000
real zime pro thread = 3.59756
N = 50000
real zime pro thread = 3.59725
N = 50000
real zime pro thread = 3.60294
real zime pro thread = 3.60077
N = 50000
real zime pro thread = 3.59975
N = 50000
real zime pro thread = 3.59588
N = 50000
real zime pro thread = 3.60345
N = 50000
real zime pro thread = 3.59839
N = 50000
real zime pro thread = 3.59913
N = 50000
real zime pro thread = 3.60096
N = 50000
real zime pro thread = 3.60324
N = 50000
real zime pro thread = 3.60042
N = 50000
real zime pro thread = 3.60021
N = 50000
N = 50000
real zime pro thread = 3.60249
N = 50000
real zime pro thread = 3.60139
N = 50000
real zime pro thread = 3.60547
real zime pro thread = 3.58885
N = 50000
real zime pro thread = 3.58732
N = 50000
real zime pro thread = 3.60723
N = 50000
real zime pro thread = 3.61144
N = 50000
real zime pro thread = 3.60715
N = 50000
real zime pro thread = 3.60218
N = 50000
real zime pro thread = 3.60496
N = 50000
real zime pro thread = 3.60498
N = 50000
real zime pro thread = 3.59661
N = 50000
real zime pro thread = 3.59427
N = 50000
real zime pro thread = 3.59639
N = 50000
real zime pro thread = 3.60506
N = 50000
N = 50000
real zime pro thread = 3.59643
N = 50000
real zime pro thread = 3.60047
N = 50000
real zime pro thread = 3.59437
N = 50000
real zime pro thread = 3.60765
N = 50000
real zime pro thread = 3.60428
N = 50000
real zime pro thread = 3.60562
N = 50000
real zime pro thread = 3.60411
N = 50000
real zime pro thread = 3.59738
real zime pro thread = 3.60719
N = 50000
real zime pro thread = 3.60647
N = 50000
real zime pro thread = 3.59724
N = 50000
real zime pro thread = 3.6058
N = 50000
real zime pro thread = 3.59723
N = 50000
real zime pro thread = 3.609
N = 50000
real zime pro thread = 3.60673
N = 50000
real zime pro thread = 3.60686
N = 50000
real zime pro thread = 3.60972
N = 50000
real zime pro thread = 3.60937
N = 50000
real zime pro thread = 3.59969
N = 50000
real zime pro thread = 3.60533
N = 50000
real zime pro thread = 3.60766
N = 50000
real zime pro thread = 3.60471
N = 50000
real zime pro thread = 3.60943
N = 50000
real zime pro thread = 3.60638
N = 50000
real zime pro thread = 3.60322
N = 50000
real zime pro thread = 3.6042
N = 50000
real zime pro thread = 3.60553
N = 50000
real zime pro thread = 3.6042
N = 50000
real zime pro thread = 3.60271
N = 50000
real zime pro thread = 3.60585
N = 50000
real zime pro thread = 3.60693
N = 50000
real zime pro thread = 3.60614
N = 50000
real zime pro thread = 3.60708
N = 50000
real zime pro thread = 3.60639
N = 50000
real zime pro thread = 3.61386
N = 50000
real zime pro thread = 3.611
N = 50000
real zime pro thread = 3.60806
N = 50000
real zime pro thread = 3.60448
N = 50000
real zime pro thread = 3.60702
N = 50000
real zime pro thread = 3.60871
N = 50000
real zime pro thread = 3.6085
N = 50000
real zime pro thread = 3.60698
N = 50000
real zime pro thread = 3.60792
N = 50000
real zime pro thread = 3.60828
N = 50000
real zime pro thread = 3.60851
N = 50000
real zime pro thread = 3.6091
N = 50000
real zime pro thread = 3.60875
N = 50000
real zime pro thread = 3.60875
N = 50000
real zime pro thread = 3.61077
N = 50000
real zime pro thread = 3.6075
N = 50000
real zime pro thread = 3.60954
N = 50000
real zime pro thread = 3.60885
N = 50000
real zime pro thread = 3.60837
N = 50000
real zime pro thread = 3.61058
N = 50000
real zime pro thread = 3.6058
