Unloading the cpe module is insufficient to restore the system defaults.
Please run 'source
/opt/cray/pe/cpe/23.12/restore_lmod_system_defaults.[csh|sh]'. 
srun: error: nid002237: tasks 166,168: Segmentation fault (core dumped)
srun: Terminating StepId=5913287.0
slurmstepd: error: *** STEP 5913287.0 ON nid002237 CANCELLED AT 2025-11-07T11:59:27 ***
srun: error: nid002237: task 158: Terminated
srun: error: nid002237: task 176: Segmentation fault (core dumped)
srun: error: nid002237: task 154: Segmentation fault (core dumped)
srun: error: nid002237: task 184: Segmentation fault (core dumped)
srun: error: nid002237: task 134: Segmentation fault (core dumped)
srun: error: nid002237: task 182: Segmentation fault (core dumped)
srun: error: nid002237: task 172: Segmentation fault (core dumped)
srun: error: nid002237: task 160: Segmentation fault (core dumped)
srun: error: nid002237: tasks 146,178: Segmentation fault (core dumped)
srun: error: nid002237: task 128: Segmentation fault (core dumped)
srun: error: nid002237: task 148: Segmentation fault (core dumped)
srun: error: nid002237: task 39: Segmentation fault (core dumped)
srun: error: nid002237: task 40: Segmentation fault (core dumped)
srun: error: nid002237: task 156: Segmentation fault (core dumped)
srun: error: nid002237: task 113: Segmentation fault (core dumped)
srun: error: nid002237: tasks 111,140: Segmentation fault (core dumped)
srun: error: nid002237: task 112: Segmentation fault (core dumped)
srun: error: nid002237: task 91: Segmentation fault (core dumped)
srun: error: nid002237: tasks 93,180: Segmentation fault (core dumped)
srun: error: nid002237: task 92: Segmentation fault (core dumped)
srun: error: nid002237: tasks 56,130,132: Segmentation fault (core dumped)
srun: error: nid002237: tasks 57,162: Segmentation fault (core dumped)
srun: error: nid002237: task 190: Segmentation fault (core dumped)
srun: error: nid002237: task 55: Segmentation fault (core dumped)
srun: error: nid002237: task 185: Segmentation fault (core dumped)
srun: error: nid002237: tasks 164,250: Segmentation fault (core dumped)
srun: error: nid002237: task 207: Segmentation fault (core dumped)
srun: error: nid002237: task 237: Segmentation fault (core dumped)
srun: error: nid002237: task 230: Segmentation fault (core dumped)
srun: error: nid002237: tasks 159,186: Segmentation fault (core dumped)
srun: error: nid002237: task 224: Segmentation fault (core dumped)
srun: error: nid002237: task 167: Segmentation fault (core dumped)
srun: error: nid002237: task 191: Segmentation fault (core dumped)
srun: error: nid002237: task 0: Segmentation fault (core dumped)
srun: error: nid002237: task 255: Segmentation fault (core dumped)
srun: error: nid002237: task 228: Segmentation fault (core dumped)
srun: error: nid002237: task 163: Segmentation fault (core dumped)
srun: error: nid002237: task 171: Segmentation fault (core dumped)
srun: error: nid002237: tasks 142,175: Segmentation fault (core dumped)
srun: error: nid002237: task 193: Segmentation fault (core dumped)
srun: error: nid002237: tasks 174,226: Segmentation fault (core dumped)
srun: error: nid002237: task 235: Segmentation fault (core dumped)
srun: error: nid002237: tasks 170,188: Segmentation fault (core dumped)
srun: error: nid002237: task 202: Segmentation fault (core dumped)
srun: error: nid002237: task 233: Segmentation fault (core dumped)
srun: error: nid002237: task 138: Segmentation fault (core dumped)
srun: error: nid002237: task 223: Segmentation fault (core dumped)
srun: error: nid002237: task 150: Segmentation fault (core dumped)
srun: error: nid002237: tasks 152,241: Segmentation fault (core dumped)
srun: error: nid002237: task 221: Segmentation fault (core dumped)
srun: error: nid002237: task 248: Segmentation fault (core dumped)
srun: error: nid002237: task 211: Segmentation fault (core dumped)
srun: error: nid002237: task 247: Segmentation fault (core dumped)
srun: error: nid002237: task 227: Segmentation fault (core dumped)
srun: error: nid002237: task 183: Segmentation fault (core dumped)
srun: error: nid002237: task 220: Segmentation fault (core dumped)
srun: error: nid002237: task 12: Segmentation fault (core dumped)
srun: error: nid002237: task 187: Segmentation fault (core dumped)
srun: error: nid002237: task 179: Segmentation fault (core dumped)
srun: error: nid002237: tasks 53,144: Segmentation fault (core dumped)
srun: error: nid002237: task 68: Segmentation fault (core dumped)
srun: error: nid002237: task 216: Segmentation fault (core dumped)
srun: error: nid002237: task 196: Segmentation fault (core dumped)
srun: error: nid002237: task 232: Segmentation fault (core dumped)
srun: error: nid002237: task 200: Segmentation fault (core dumped)
srun: error: nid002237: task 197: Segmentation fault (core dumped)
srun: error: nid002237: task 136: Segmentation fault (core dumped)
srun: error: nid002237: task 217: Segmentation fault (core dumped)
srun: error: nid002237: task 229: Segmentation fault (core dumped)
srun: error: nid002237: task 169: Segmentation fault (core dumped)
srun: error: nid002237: task 24: Segmentation fault (core dumped)
srun: error: nid002237: task 22: Segmentation fault (core dumped)
srun: error: nid002237: task 23: Segmentation fault (core dumped)
srun: error: nid002237: task 219: Segmentation fault (core dumped)
srun: error: nid002237: task 206: Segmentation fault (core dumped)
srun: error: nid002237: task 95: Segmentation fault (core dumped)
srun: error: nid002237: task 125: Segmentation fault (core dumped)
srun: error: nid002237: task 94: Segmentation fault (core dumped)
srun: error: nid002237: task 133: Segmentation fault (core dumped)
srun: error: nid002237: task 135: Segmentation fault (core dumped)
srun: error: nid002237: task 218: Segmentation fault (core dumped)
srun: error: nid002237: task 208: Segmentation fault (core dumped)
srun: error: nid002237: task 129: Segmentation fault (core dumped)
srun: error: nid002237: task 240: Segmentation fault (core dumped)
srun: error: nid002237: task 242: Segmentation fault (core dumped)
srun: error: nid002237: task 244: Segmentation fault (core dumped)
srun: error: nid002237: task 194: Segmentation fault (core dumped)
srun: error: nid002237: tasks 120,238: Segmentation fault (core dumped)
srun: error: nid002237: task 66: Segmentation fault (core dumped)
srun: error: nid002237: task 214: Segmentation fault (core dumped)
srun: error: nid002237: task 192: Segmentation fault (core dumped)
srun: error: nid002237: tasks 126,210: Segmentation fault (core dumped)
srun: error: nid002237: task 96: Segmentation fault (core dumped)
srun: error: nid002237: task 204: Segmentation fault (core dumped)
srun: error: nid002237: task 212: Segmentation fault (core dumped)
srun: error: nid002237: task 234: Segmentation fault (core dumped)
srun: error: nid002237: task 252: Segmentation fault (core dumped)
srun: error: nid002237: task 124: Segmentation fault (core dumped)
srun: error: nid002237: task 198: Segmentation fault (core dumped)
srun: error: nid002237: tasks 102,246: Segmentation fault (core dumped)
srun: error: nid002237: task 254: Segmentation fault (core dumped)
srun: error: nid002237: task 118: Segmentation fault (core dumped)
srun: error: nid002237: tasks 84,104: Segmentation fault (core dumped)
srun: error: nid002237: tasks 76,80: Segmentation fault (core dumped)
srun: error: nid002237: tasks 72,78: Segmentation fault (core dumped)
srun: error: nid002237: task 116: Segmentation fault (core dumped)
srun: error: nid002237: tasks 74,110,222,236: Segmentation fault (core dumped)
srun: error: nid002237: task 106: Segmentation fault (core dumped)
srun: error: nid002237: tasks 86,114: Segmentation fault (core dumped)
srun: error: nid002237: tasks 98,100,108,122: Segmentation fault (core dumped)
srun: error: nid002237: task 82: Segmentation fault (core dumped)
srun: error: nid002237: task 88: Segmentation fault (core dumped)
srun: error: nid002237: task 64: Segmentation fault (core dumped)
srun: error: nid002237: task 70: Segmentation fault (core dumped)
srun: error: nid002237: tasks 25,58,90: Segmentation fault (core dumped)
srun: error: nid002237: tasks 27,62,123: Segmentation fault (core dumped)
srun: error: nid002237: tasks 7,16,37,59,63,79: Segmentation fault (core dumped)
srun: error: nid002237: tasks 1-6,8-9,14-15,18-20,26,29-36,41,47-52,54,60-61,69,71,73,75,77,81,83,85,87,89,97,99,101,105,107,109,115,117,121,131,137,139,141,143,145,147,149,151,153,155,157,165,177,189,201,203,205,209,213,215,225,231,245,249,251,253: Segmentation fault (core dumped)
srun: error: nid002237: tasks 43,103: Segmentation fault (core dumped)
srun: error: nid002237: tasks 38,45: Segmentation fault (core dumped)
srun: error: nid002237: task 42: Segmentation fault (core dumped)
srun: error: nid002237: task 119: Segmentation fault (core dumped)
srun: error: nid002237: task 17: Segmentation fault (core dumped)
srun: error: nid002237: task 28: Segmentation fault (core dumped)
srun: error: nid002237: task 13: Segmentation fault (core dumped)
srun: error: nid002237: task 44: Segmentation fault (core dumped)
srun: error: nid002237: tasks 21,46: Segmentation fault (core dumped)
srun: error: nid002237: tasks 10-11: Segmentation fault (core dumped)
srun: error: nid002237: task 127: Segmentation fault (core dumped)
srun: error: nid002237: task 67: Segmentation fault (core dumped)
srun: error: nid002237: task 65: Segmentation fault (core dumped)
srun: error: nid002237: task 199: Segmentation fault (core dumped)
srun: error: nid002237: task 243: Segmentation fault (core dumped)
srun: error: nid002237: task 239: Segmentation fault (core dumped)
srun: error: nid002237: task 195: Segmentation fault (core dumped)
srun: error: nid002237: task 173: Segmentation fault (core dumped)
srun: error: nid002237: task 181: Segmentation fault (core dumped)
srun: error: nid002237: task 161: Segmentation fault (core dumped)
srun: Force Terminated StepId=5913287.0
